{"event":"SetTitle","context":"context","payload":{"title":"title","target":0,"state":0}}