{"device":"device","event":"SwitchToProfile","context":"context","payload":{"profile":"profileName"}}