{"payload":{"payload":"payload"},"event":"SentToPropertyInspector","context":"context"}