{"event":"setGlobalSettings","context":"context","payload":{"payload":"payload"}}