{"event":"SetState","context":"context","payload":{"state":1}}