{"payload":{"payload":"payload"},"event":"SetSettings","context":"context"}