{"event":"LogMessage","payload":{"message":"message"}}