{"payload":{"settings":null,"coordinates":{"column":3,"row":1},"state":0,"isInMultiAction":false},"action":"com.elgato.example.action1","context":"opaqueValue","device":"opaqueValue","event":3}