{"payload":{"settings":null},"device":null,"event":11}