{"payload":{"application":"com.apple.mail"},"device":null,"event":7}