{"deviceInfo":{"type":0,"size":{"columns":5,"rows":3}},"device":"opaqueValue","event":5}