{"action":"com.elgato.example.action1","context":"opaqueValue","device":"opaqueValue","event":13}